../Core/Src/main.c:87:5:main	48	static
../Core/Src/main.c:166:13:MX_TIM1_Init	112	static
../Core/Src/main.c:246:13:MX_TIM4_Init	56	static
../Core/Src/main.c:295:13:MX_TIM6_Init	24	static
../Core/Src/main.c:333:13:MX_USART3_UART_Init	8	static
../Core/Src/main.c:381:13:MX_GPIO_Init	48	static
../Core/Src/main.c:432:5:__io_putchar	16	static
../Core/Src/main.c:437:6:HAL_GPIO_EXTI_Callback	16	static
../Core/Src/main.c:442:6:HAL_TIM_PeriodElapsedCallback	16	static
../Core/Src/main.c:498:6:Error_Handler	4	static,ignoring_inline_asm
